This is pdfTeX, Version 3.141592653-2.6-1.40.25 (TeX Live 2023/Debian) (preloaded format=pdflatex 2026.9.11)  11 SEP 2026 15:44
entering extended mode
 restricted \write18 enabled.
 %&-line parsing enabled.
**main.tex
(./main.tex
LaTeX2e <2023-11-01> patch level 1
L3 programming layer <2024-01-22>
(/usr/share/texlive/texmf-dist/tex/latex/ieeetran/IEEEtran.cls
Document Class: IEEEtran 2015/08/26 V1.8b by Michael Shell
-- See the "IEEEtran_HOWTO" manual for usage information.
-- http://www.michaelshell.org/tex/ieeetran/
\@IEEEtrantmpdimenA=\dimen140
\@IEEEtrantmpdimenB=\dimen141
\@IEEEtrantmpdimenC=\dimen142
\@IEEEtrantmpcountA=\count187
\@IEEEtrantmpcountB=\count188
\@IEEEtrantmpcountC=\count189
\@IEEEtrantmptoksA=\toks17
LaTeX Font Info:    Trying to load font information for OT1+ptm on input line 5
03.
(/usr/share/texlive/texmf-dist/tex/latex/psnfss/ot1ptm.fd
File: ot1ptm.fd 2001/06/04 font definitions for OT1/ptm.
)
-- Using 8.5in x 11in (letter) paper.
-- Using PDF output.
\@IEEEnormalsizeunitybaselineskip=\dimen143
-- This is a 10 point document.
\CLASSINFOnormalsizebaselineskip=\dimen144
\CLASSINFOnormalsizeunitybaselineskip=\dimen145
\IEEEnormaljot=\dimen146
LaTeX Font Info:    Font shape `OT1/ptm/bx/n' in size <5> not available
(Font)              Font shape `OT1/ptm/b/n' tried instead on input line 1090.
LaTeX Font Info:    Font shape `OT1/ptm/bx/it' in size <5> not available
(Font)              Font shape `OT1/ptm/b/it' tried instead on input line 1090.

LaTeX Font Info:    Font shape `OT1/ptm/bx/n' in size <7> not available
(Font)              Font shape `OT1/ptm/b/n' tried instead on input line 1090.
LaTeX Font Info:    Font shape `OT1/ptm/bx/it' in size <7> not available
(Font)              Font shape `OT1/ptm/b/it' tried instead on input line 1090.

LaTeX Font Info:    Font shape `OT1/ptm/bx/n' in size <8> not available
(Font)              Font shape `OT1/ptm/b/n' tried instead on input line 1090.
LaTeX Font Info:    Font shape `OT1/ptm/bx/it' in size <8> not available
(Font)              Font shape `OT1/ptm/b/it' tried instead on input line 1090.

LaTeX Font Info:    Font shape `OT1/ptm/bx/n' in size <9> not available
(Font)              Font shape `OT1/ptm/b/n' tried instead on input line 1090.
LaTeX Font Info:    Font shape `OT1/ptm/bx/it' in size <9> not available
(Font)              Font shape `OT1/ptm/b/it' tried instead on input line 1090.

LaTeX Font Info:    Font shape `OT1/ptm/bx/n' in size <10> not available
(Font)              Font shape `OT1/ptm/b/n' tried instead on input line 1090.
LaTeX Font Info:    Font shape `OT1/ptm/bx/it' in size <10> not available
(Font)              Font shape `OT1/ptm/b/it' tried instead on input line 1090.

LaTeX Font Info:    Font shape `OT1/ptm/bx/n' in size <11> not available
(Font)              Font shape `OT1/ptm/b/n' tried instead on input line 1090.
LaTeX Font Info:    Font shape `OT1/ptm/bx/it' in size <11> not available
(Font)              Font shape `OT1/ptm/b/it' tried instead on input line 1090.

LaTeX Font Info:    Font shape `OT1/ptm/bx/n' in size <12> not available
(Font)              Font shape `OT1/ptm/b/n' tried instead on input line 1090.
LaTeX Font Info:    Font shape `OT1/ptm/bx/it' in size <12> not available
(Font)              Font shape `OT1/ptm/b/it' tried instead on input line 1090.

LaTeX Font Info:    Font shape `OT1/ptm/bx/n' in size <17> not available
(Font)              Font shape `OT1/ptm/b/n' tried instead on input line 1090.
LaTeX Font Info:    Font shape `OT1/ptm/bx/it' in size <17> not available
(Font)              Font shape `OT1/ptm/b/it' tried instead on input line 1090.

LaTeX Font Info:    Font shape `OT1/ptm/bx/n' in size <20> not available
(Font)              Font shape `OT1/ptm/b/n' tried instead on input line 1090.
LaTeX Font Info:    Font shape `OT1/ptm/bx/it' in size <20> not available
(Font)              Font shape `OT1/ptm/b/it' tried instead on input line 1090.

LaTeX Font Info:    Font shape `OT1/ptm/bx/n' in size <24> not available
(Font)              Font shape `OT1/ptm/b/n' tried instead on input line 1090.
LaTeX Font Info:    Font shape `OT1/ptm/bx/it' in size <24> not available
(Font)              Font shape `OT1/ptm/b/it' tried instead on input line 1090.

\IEEEquantizedlength=\dimen147
\IEEEquantizedlengthdiff=\dimen148
\IEEEquantizedtextheightdiff=\dimen149
\IEEEilabelindentA=\dimen150
\IEEEilabelindentB=\dimen151
\IEEEilabelindent=\dimen152
\IEEEelabelindent=\dimen153
\IEEEdlabelindent=\dimen154
\IEEElabelindent=\dimen155
\IEEEiednormlabelsep=\dimen156
\IEEEiedmathlabelsep=\dimen157
\IEEEiedtopsep=\skip48
\c@section=\count190
\c@subsection=\count191
\c@subsubsection=\count192
\c@paragraph=\count193
\c@IEEEsubequation=\count194
\abovecaptionskip=\skip49
\belowcaptionskip=\skip50
\c@figure=\count195
\c@table=\count196
\@IEEEeqnnumcols=\count197
\@IEEEeqncolcnt=\count198
\@IEEEsubeqnnumrollback=\count199
\@IEEEquantizeheightA=\dimen158
\@IEEEquantizeheightB=\dimen159
\@IEEEquantizeheightC=\dimen160
\@IEEEquantizeprevdepth=\dimen161
\@IEEEquantizemultiple=\count266
\@IEEEquantizeboxA=\box51
\@IEEEtmpitemindent=\dimen162
\IEEEPARstartletwidth=\dimen163
\c@IEEEbiography=\count267
\@IEEEtranrubishbin=\box52
) (/usr/share/texlive/texmf-dist/tex/latex/cite/cite.sty
LaTeX Info: Redefining \cite on input line 302.
LaTeX Info: Redefining \nocite on input line 332.
Package: cite 2015/02/27  v 5.5
)
(/usr/share/texlive/texmf-dist/tex/latex/graphics/graphicx.sty
Package: graphicx 2021/09/16 v1.2d Enhanced LaTeX Graphics (DPC,SPQR)

(/usr/share/texlive/texmf-dist/tex/latex/graphics/keyval.sty
Package: keyval 2022/05/29 v1.15 key=value parser (DPC)
\KV@toks@=\toks18
)
(/usr/share/texlive/texmf-dist/tex/latex/graphics/graphics.sty
Package: graphics 2022/03/10 v1.4e Standard LaTeX Graphics (DPC,SPQR)

(/usr/share/texlive/texmf-dist/tex/latex/graphics/trig.sty
Package: trig 2021/08/11 v1.11 sin cos tan (DPC)
)
(/usr/share/texlive/texmf-dist/tex/latex/graphics-cfg/graphics.cfg
File: graphics.cfg 2016/06/04 v1.11 sample graphics configuration
)
Package graphics Info: Driver file: pdftex.def on input line 107.

(/usr/share/texlive/texmf-dist/tex/latex/graphics-def/pdftex.def
File: pdftex.def 2022/09/22 v1.2b Graphics/color driver for pdftex
))
\Gin@req@height=\dimen164
\Gin@req@width=\dimen165
)
(/usr/share/texlive/texmf-dist/tex/latex/amsmath/amsmath.sty
Package: amsmath 2023/05/13 v2.17o AMS math features
\@mathmargin=\skip51

For additional information on amsmath, use the `?' option.
(/usr/share/texlive/texmf-dist/tex/latex/amsmath/amstext.sty
Package: amstext 2021/08/26 v2.01 AMS text

(/usr/share/texlive/texmf-dist/tex/latex/amsmath/amsgen.sty
File: amsgen.sty 1999/11/30 v2.0 generic functions
\@emptytoks=\toks19
\ex@=\dimen166
))
(/usr/share/texlive/texmf-dist/tex/latex/amsmath/amsbsy.sty
Package: amsbsy 1999/11/29 v1.2d Bold Symbols
\pmbraise@=\dimen167
)
(/usr/share/texlive/texmf-dist/tex/latex/amsmath/amsopn.sty
Package: amsopn 2022/04/08 v2.04 operator names
)
\inf@bad=\count268
LaTeX Info: Redefining \frac on input line 234.
\uproot@=\count269
\leftroot@=\count270
LaTeX Info: Redefining \overline on input line 399.
LaTeX Info: Redefining \colon on input line 410.
\classnum@=\count271
\DOTSCASE@=\count272
LaTeX Info: Redefining \ldots on input line 496.
LaTeX Info: Redefining \dots on input line 499.
LaTeX Info: Redefining \cdots on input line 620.
\Mathstrutbox@=\box53
\strutbox@=\box54
LaTeX Info: Redefining \big on input line 722.
LaTeX Info: Redefining \Big on input line 723.
LaTeX Info: Redefining \bigg on input line 724.
LaTeX Info: Redefining \Bigg on input line 725.
\big@size=\dimen168
LaTeX Font Info:    Redeclaring font encoding OML on input line 743.
LaTeX Font Info:    Redeclaring font encoding OMS on input line 744.
\macc@depth=\count273
LaTeX Info: Redefining \bmod on input line 905.
LaTeX Info: Redefining \pmod on input line 910.
LaTeX Info: Redefining \smash on input line 940.
LaTeX Info: Redefining \relbar on input line 970.
LaTeX Info: Redefining \Relbar on input line 971.
\c@MaxMatrixCols=\count274
\dotsspace@=\muskip16
\c@parentequation=\count275
\dspbrk@lvl=\count276
\tag@help=\toks20
\row@=\count277
\column@=\count278
\maxfields@=\count279
\andhelp@=\toks21
\eqnshift@=\dimen169
\alignsep@=\dimen170
\tagshift@=\dimen171
\tagwidth@=\dimen172
\totwidth@=\dimen173
\lineht@=\dimen174
\@envbody=\toks22
\multlinegap=\skip52
\multlinetaggap=\skip53
\mathdisplay@stack=\toks23
LaTeX Info: Redefining \[ on input line 2953.
LaTeX Info: Redefining \] on input line 2954.
)
(/usr/share/texlive/texmf-dist/tex/latex/amsfonts/amssymb.sty
Package: amssymb 2013/01/14 v3.01 AMS font symbols

(/usr/share/texlive/texmf-dist/tex/latex/amsfonts/amsfonts.sty
Package: amsfonts 2013/01/14 v3.01 Basic AMSFonts support
\symAMSa=\mathgroup4
\symAMSb=\mathgroup5
LaTeX Font Info:    Redeclaring math symbol \hbar on input line 98.
LaTeX Font Info:    Overwriting math alphabet `\mathfrak' in version `bold'
(Font)                  U/euf/m/n --> U/euf/b/n on input line 106.
))
(/usr/share/texlive/texmf-dist/tex/latex/base/textcomp.sty
Package: textcomp 2020/02/02 v2.0n Standard LaTeX package
)
(/usr/share/texlive/texmf-dist/tex/latex/booktabs/booktabs.sty
Package: booktabs 2020/01/12 v1.61803398 Publication quality tables
\heavyrulewidth=\dimen175
\lightrulewidth=\dimen176
\cmidrulewidth=\dimen177
\belowrulesep=\dimen178
\belowbottomsep=\dimen179
\aboverulesep=\dimen180
\abovetopsep=\dimen181
\cmidrulesep=\dimen182
\cmidrulekern=\dimen183
\defaultaddspace=\dimen184
\@cmidla=\count280
\@cmidlb=\count281
\@aboverulesep=\dimen185
\@belowrulesep=\dimen186
\@thisruleclass=\count282
\@lastruleclass=\count283
\@thisrulewidth=\dimen187
)
(/usr/share/texlive/texmf-dist/tex/latex/subfig/subfig.sty
Package: subfig 2005/06/28 ver: 1.3 subfig package

(/usr/share/texlive/texmf-dist/tex/latex/caption/caption3.sty
Package: caption3 2023/07/31 v2.4d caption3 kernel (AR)
\caption@tempdima=\dimen188
\captionmargin=\dimen189
\caption@leftmargin=\dimen190
\caption@rightmargin=\dimen191
\caption@width=\dimen192
\caption@indent=\dimen193
\caption@parindent=\dimen194
\caption@hangindent=\dimen195
Package caption Info: Unknown document class (or package),
(caption)             standard defaults will be used.
Package caption Info: \@makecaption = \long macro:#1#2->\ifx \@captype \@IEEEta
blestring \footnotesize \bgroup \par \centering \@IEEEtabletopskipstrut {\norma
lfont \footnotesize #1}\\{\normalfont \footnotesize \scshape #2}\par \addvspace
 {0.5\baselineskip }\egroup \@IEEEtablecaptionsepspace \else \@IEEEfigurecaptio
nsepspace \setbox \@tempboxa \hbox {\normalfont \footnotesize {#1.}\nobreakspac
e \nobreakspace #2}\ifdim \wd \@tempboxa >\hsize \setbox \@tempboxa \hbox {\nor
malfont \footnotesize {#1.}\nobreakspace \nobreakspace }\parbox [t]{\hsize }{\n
ormalfont \footnotesize \noindent \unhbox \@tempboxa #2}\else \ifCLASSOPTIONcon
ference \hbox to\hsize {\normalfont \footnotesize \hfil \box \@tempboxa \hfil }
\else \hbox to\hsize {\normalfont \footnotesize \box \@tempboxa \hfil }\fi \fi 
\fi  on input line 1175.
)
\c@KVtest=\count284
\sf@farskip=\skip54
\sf@captopadj=\dimen196
\sf@capskip=\skip55
\sf@nearskip=\skip56
\c@subfigure=\count285
\c@subfigure@save=\count286
\c@lofdepth=\count287
\c@subtable=\count288
\c@subtable@save=\count289
\c@lotdepth=\count290
\sf@top=\skip57
\sf@bottom=\skip58
)
(/usr/share/texlive/texmf-dist/tex/latex/url/url.sty
\Urlmuskip=\muskip17
Package: url 2013/09/16  ver 3.4  Verb mode for urls, etc.
)
(/usr/share/texlive/texmf-dist/tex/latex/l3backend/l3backend-pdftex.def
File: l3backend-pdftex.def 2024-01-04 L3 backend support: PDF output (pdfTeX)
\l__color_backend_stack_int=\count291
\l__pdf_internal_box=\box55
)
(./main.aux)
\openout1 = `main.aux'.

LaTeX Font Info:    Checking defaults for OML/cmm/m/it on input line 19.
LaTeX Font Info:    ... okay on input line 19.
LaTeX Font Info:    Checking defaults for OMS/cmsy/m/n on input line 19.
LaTeX Font Info:    ... okay on input line 19.
LaTeX Font Info:    Checking defaults for OT1/cmr/m/n on input line 19.
LaTeX Font Info:    ... okay on input line 19.
LaTeX Font Info:    Checking defaults for T1/cmr/m/n on input line 19.
LaTeX Font Info:    ... okay on input line 19.
LaTeX Font Info:    Checking defaults for TS1/cmr/m/n on input line 19.
LaTeX Font Info:    ... okay on input line 19.
LaTeX Font Info:    Checking defaults for OMX/cmex/m/n on input line 19.
LaTeX Font Info:    ... okay on input line 19.
LaTeX Font Info:    Checking defaults for U/cmr/m/n on input line 19.
LaTeX Font Info:    ... okay on input line 19.

-- Lines per column: 56 (exact).
(/usr/share/texlive/texmf-dist/tex/context/base/mkii/supp-pdf.mkii
[Loading MPS to PDF converter (version 2006.09.02).]
\scratchcounter=\count292
\scratchdimen=\dimen197
\scratchbox=\box56
\nofMPsegments=\count293
\nofMParguments=\count294
\everyMPshowfont=\toks24
\MPscratchCnt=\count295
\MPscratchDim=\dimen198
\MPnumerator=\count296
\makeMPintoPDFobject=\count297
\everyMPtoPDFconversion=\toks25
) (/usr/share/texlive/texmf-dist/tex/latex/epstopdf-pkg/epstopdf-base.sty
Package: epstopdf-base 2020-01-24 v2.11 Base part for package epstopdf
Package epstopdf-base Info: Redefining graphics rule for `.eps' on input line 4
85.

(/usr/share/texlive/texmf-dist/tex/latex/latexconfig/epstopdf-sys.cfg
File: epstopdf-sys.cfg 2010/07/13 v1.3 Configuration of (r)epstopdf for TeX Liv
e
))
Package caption Info: Begin \AtBeginDocument code.
Package caption Info: subfig package v1.3 is loaded.
Package caption Info: End \AtBeginDocument code.
LaTeX Font Info:    Calculating math sizes for size <24> on input line 27.
LaTeX Font Info:    Trying to load font information for U+msa on input line 27.


(/usr/share/texlive/texmf-dist/tex/latex/amsfonts/umsa.fd
File: umsa.fd 2013/01/14 v3.01 AMS symbols A
)
LaTeX Font Info:    Trying to load font information for U+msb on input line 27.


(/usr/share/texlive/texmf-dist/tex/latex/amsfonts/umsb.fd
File: umsb.fd 2013/01/14 v3.01 AMS symbols B
)
Underfull \hbox (badness 1960) in paragraph at lines 33--35
[]\OT1/ptm/b/it/9 Index Terms\OT1/ptm/b/n/9 ---Ferroelectric ca-pac-i-tor, hafn
ium zir-co-nium
 []

(./1_mainbody/introduction.tex
Underfull \hbox (badness 10000) in paragraph at lines 1--2
[]\OT1/ptm/m/n/10 Ferroelectricity in doped HfO$[]$ and es-pe-cially in
 []


Underfull \hbox (badness 10000) in paragraph at lines 1--2
\OT1/ptm/m/n/10 Hf$[]$Zr$[]$O$[]$ has en-abled scal-able mem-ory de-vices
 []


Underfull \hbox (badness 2376) in paragraph at lines 1--2
\OT1/ptm/m/n/10 com-pat-i-ble with CMOS and BEOL in-te-gra-tion [1]--[3].
 []


Underfull \hbox (badness 1715) in paragraph at lines 1--2
\OT1/ptm/m/n/10 small-signal per-mit-tiv-i-ties, so a sub-coercive ca-pac-i-tan
ce
 []

) (./1_mainbody/experiments.tex
Underfull \hbox (badness 4403) in paragraph at lines 1--2
[]\OT1/ptm/m/n/10 Two metal--ferroelectric--metal stacks were com-pared:
 []

) (./1_mainbody/results.tex [1{/var/lib/texmf/fonts/map/pdftex/updmap/pdftex.ma
p}{/usr/share/texlive/texmf-dist/fonts/enc/dvips/base/8r.enc}


]
Underfull \hbox (badness 2096) in paragraph at lines 10--11
[]\OT1/ptm/m/n/10 Temperature fur-ther sep-a-rates ca-pac-i-tive read-out from
 []

) (./main.bbl) [2] (./1_mainbody/figures_tables.tex

pdfTeX warning: pdflatex (file ./figures/fig 1a.pdf): PDF inclusion: found PDF 
version <1.7>, but at most version <1.5> allowed
<figures/fig 1a.pdf, id=25, 433.62pt x 361.35pt>
File: figures/fig 1a.pdf Graphic file (type pdf)
<use figures/fig 1a.pdf>
Package pdftex.def Info: figures/fig 1a.pdf  used on input line 3.
(pdftex.def)             Requested size: 118.4403pt x 98.69612pt.


pdfTeX warning: pdflatex (file ./figures/fig 1b.pdf): PDF inclusion: found PDF 
version <1.7>, but at most version <1.5> allowed
<figures/fig 1b.pdf, id=26, 433.62pt x 361.35pt>
File: figures/fig 1b.pdf Graphic file (type pdf)
<use figures/fig 1b.pdf>
Package pdftex.def Info: figures/fig 1b.pdf  used on input line 5.
(pdftex.def)             Requested size: 118.4403pt x 98.69612pt.
<figures/1f_XRD Full.pdf, id=27, 412.54124pt x 409.53pt>
File: figures/1f_XRD Full.pdf Graphic file (type pdf)
<use figures/1f_XRD Full.pdf>
Package pdftex.def Info: figures/1f_XRD Full.pdf  used on input line 6.
(pdftex.def)             Requested size: 118.4403pt x 117.57335pt.


pdfTeX warning: pdflatex (file ./figures/fig 1d.pdf): PDF inclusion: found PDF 
version <1.7>, but at most version <1.5> allowed
<figures/fig 1d.pdf, id=28, 433.62pt x 361.35pt>
File: figures/fig 1d.pdf Graphic file (type pdf)
<use figures/fig 1d.pdf>
Package pdftex.def Info: figures/fig 1d.pdf  used on input line 8.
(pdftex.def)             Requested size: 118.4403pt x 98.69612pt.


pdfTeX warning: pdflatex (file ./figures/fig 2a.pdf): PDF inclusion: found PDF 
version <1.7>, but at most version <1.5> allowed
<figures/fig 2a.pdf, id=29, 375.804pt x 332.44202pt>
File: figures/fig 2a.pdf Graphic file (type pdf)
<use figures/fig 2a.pdf>
Package pdftex.def Info: figures/fig 2a.pdf  used on input line 15.
(pdftex.def)             Requested size: 118.4403pt x 104.77557pt.


pdfTeX warning: pdflatex (file ./figures/fig 2b.pdf): PDF inclusion: found PDF 
version <1.7>, but at most version <1.5> allowed
<figures/fig 2b.pdf, id=30, 375.804pt x 332.44202pt>
File: figures/fig 2b.pdf Graphic file (type pdf)
<use figures/fig 2b.pdf>
Package pdftex.def Info: figures/fig 2b.pdf  used on input line 17.
(pdftex.def)             Requested size: 118.4403pt x 104.77557pt.


pdfTeX warning: pdflatex (file ./figures/fig 2c.pdf): PDF inclusion: found PDF 
version <1.7>, but at most version <1.5> allowed
<figures/fig 2c.pdf, id=31, 375.804pt x 332.44202pt>
File: figures/fig 2c.pdf Graphic file (type pdf)
<use figures/fig 2c.pdf>
Package pdftex.def Info: figures/fig 2c.pdf  used on input line 18.
(pdftex.def)             Requested size: 118.4403pt x 104.77557pt.


pdfTeX warning: pdflatex (file ./figures/fig 2d.pdf): PDF inclusion: found PDF 
version <1.7>, but at most version <1.5> allowed
<figures/fig 2d.pdf, id=32, 289.08pt x 274.626pt>
File: figures/fig 2d.pdf Graphic file (type pdf)
<use figures/fig 2d.pdf>
Package pdftex.def Info: figures/fig 2d.pdf  used on input line 20.
(pdftex.def)             Requested size: 118.4403pt x 112.51776pt.

LaTeX Warning: Text page 3 contains only floats.

[3


 <./figures/fig 1a.pdf> <./figures/fig 1b.pdf

pdfTeX warning: pdflatex (file ./figures/fig 1b.pdf): PDF inclusion: multiple p
dfs with page group included in a single page
> <./figures/1f_XRD Full.pdf> <./figures/fig 1d.pdf

pdfTeX warning: pdflatex (file ./figures/fig 1d.pdf): PDF inclusion: multiple p
dfs with page group included in a single page
> <./figures/fig 2a.pdf

pdfTeX warning: pdflatex (file ./figures/fig 2a.pdf): PDF inclusion: multiple p
dfs with page group included in a single page
> <./figures/fig 2b.pdf

pdfTeX warning: pdflatex (file ./figures/fig 2b.pdf): PDF inclusion: multiple p
dfs with page group included in a single page
> <./figures/fig 2c.pdf

pdfTeX warning: pdflatex (file ./figures/fig 2c.pdf): PDF inclusion: multiple p
dfs with page group included in a single page
> <./figures/fig 2d.pdf

pdfTeX warning: pdflatex (file ./figures/fig 2d.pdf): PDF inclusion: multiple p
dfs with page group included in a single page
>]

pdfTeX warning: pdflatex (file ./figures/fig 3a.pdf): PDF inclusion: found PDF 
version <1.7>, but at most version <1.5> allowed
<figures/fig 3a.pdf, id=127, 361.35pt x 361.35pt>
File: figures/fig 3a.pdf Graphic file (type pdf)
<use figures/fig 3a.pdf>
Package pdftex.def Info: figures/fig 3a.pdf  used on input line 29.
(pdftex.def)             Requested size: 78.11938pt x 78.1188pt.


pdfTeX warning: pdflatex (file ./figures/fig 3b.pdf): PDF inclusion: found PDF 
version <1.7>, but at most version <1.5> allowed
<figures/fig 3b.pdf, id=128, 361.35pt x 361.35pt>
File: figures/fig 3b.pdf Graphic file (type pdf)
<use figures/fig 3b.pdf>
Package pdftex.def Info: figures/fig 3b.pdf  used on input line 31.
(pdftex.def)             Requested size: 78.11938pt x 78.1188pt.


pdfTeX warning: pdflatex (file ./figures/fig 3c.pdf): PDF inclusion: found PDF 
version <1.7>, but at most version <1.5> allowed
<figures/fig 3c.pdf, id=129, 361.35pt x 289.08pt>
File: figures/fig 3c.pdf Graphic file (type pdf)
<use figures/fig 3c.pdf>
Package pdftex.def Info: figures/fig 3c.pdf  used on input line 33.
(pdftex.def)             Requested size: 78.11938pt x 62.49504pt.


pdfTeX warning: pdflatex (file ./figures/fig 4a.pdf): PDF inclusion: found PDF 
version <1.7>, but at most version <1.5> allowed
<figures/fig 4a.pdf, id=130, 375.804pt x 346.89601pt>
File: figures/fig 4a.pdf Graphic file (type pdf)
<use figures/fig 4a.pdf>
Package pdftex.def Info: figures/fig 4a.pdf  used on input line 40.
(pdftex.def)             Requested size: 118.4403pt x 109.33104pt.


pdfTeX warning: pdflatex (file ./figures/fig 5b.pdf): PDF inclusion: found PDF 
version <1.7>, but at most version <1.5> allowed
<figures/fig 5b.pdf, id=131, 375.804pt x 332.44202pt>
File: figures/fig 5b.pdf Graphic file (type pdf)
<use figures/fig 5b.pdf>
Package pdftex.def Info: figures/fig 5b.pdf  used on input line 42.
(pdftex.def)             Requested size: 118.4403pt x 104.77557pt.


pdfTeX warning: pdflatex (file ./figures/fig 4d.pdf): PDF inclusion: found PDF 
version <1.7>, but at most version <1.5> allowed
<figures/fig 4d.pdf, id=132, 375.804pt x 346.89601pt>
File: figures/fig 4d.pdf Graphic file (type pdf)
<use figures/fig 4d.pdf>
Package pdftex.def Info: figures/fig 4d.pdf  used on input line 43.
(pdftex.def)             Requested size: 118.4403pt x 109.33104pt.


pdfTeX warning: pdflatex (file ./figures/figure3/fig 3e.pdf): PDF inclusion: fo
und PDF version <1.7>, but at most version <1.5> allowed
<figures/figure3/fig 3e.pdf, id=133, 375.804pt x 332.44202pt>
File: figures/figure3/fig 3e.pdf Graphic file (type pdf)
<use figures/figure3/fig 3e.pdf>
Package pdftex.def Info: figures/figure3/fig 3e.pdf  used on input line 45.
(pdftex.def)             Requested size: 118.4403pt x 104.77557pt.
)

** Conference Paper **
Before submitting the final camera ready copy, remember to:

 1. Manually equalize the lengths of two columns on the last page
 of your paper;

 2. Ensure that any PostScript and/or PDF output post-processing
 uses only Type 1 fonts and that every step in the generation
 process uses the appropriate paper size.

[4


 <./figures/fig 3a.pdf> <./figures/fig 3b.pdf

pdfTeX warning: pdflatex (file ./figures/fig 3b.pdf): PDF inclusion: multiple p
dfs with page group included in a single page
> <./figures/fig 3c.pdf

pdfTeX warning: pdflatex (file ./figures/fig 3c.pdf): PDF inclusion: multiple p
dfs with page group included in a single page
> <./figures/fig 4a.pdf

pdfTeX warning: pdflatex (file ./figures/fig 4a.pdf): PDF inclusion: multiple p
dfs with page group included in a single page
> <./figures/fig 5b.pdf

pdfTeX warning: pdflatex (file ./figures/fig 5b.pdf): PDF inclusion: multiple p
dfs with page group included in a single page
> <./figures/fig 4d.pdf

pdfTeX warning: pdflatex (file ./figures/fig 4d.pdf): PDF inclusion: multiple p
dfs with page group included in a single page
> <./figures/figure3/fig 3e.pdf

pdfTeX warning: pdflatex (file ./figures/figure3/fig 3e.pdf): PDF inclusion: mu
ltiple pdfs with page group included in a single page
>] (./main.aux)
 ***********
LaTeX2e <2023-11-01> patch level 1
L3 programming layer <2024-01-22>
 ***********
 ) 
Here is how much of TeX's memory you used:
 4906 strings out of 476182
 83065 string characters out of 5795595
 1941975 words of memory out of 5000000
 26851 multiletter control sequences out of 15000+600000
 601219 words of font info for 131 fonts, out of 8000000 for 9000
 14 hyphenation exceptions out of 8191
 57i,11n,65p,857b,372s stack positions out of 10000i,1000n,20000p,200000b,200000s
</usr/share/texlive/texmf-dist/fonts/type1/public/amsfonts/cm/cmmi10.pfb></us
r/share/texlive/texmf-dist/fonts/type1/public/amsfonts/cm/cmmi12.pfb></usr/shar
e/texlive/texmf-dist/fonts/type1/public/amsfonts/cm/cmmi5.pfb></usr/share/texli
ve/texmf-dist/fonts/type1/public/amsfonts/cm/cmmi6.pfb></usr/share/texlive/texm
f-dist/fonts/type1/public/amsfonts/cm/cmmi7.pfb></usr/share/texlive/texmf-dist/
fonts/type1/public/amsfonts/cm/cmmi8.pfb></usr/share/texlive/texmf-dist/fonts/t
ype1/public/amsfonts/cm/cmmi9.pfb></usr/share/texlive/texmf-dist/fonts/type1/pu
blic/amsfonts/cm/cmr10.pfb></usr/share/texlive/texmf-dist/fonts/type1/public/am
sfonts/cm/cmr17.pfb></usr/share/texlive/texmf-dist/fonts/type1/public/amsfonts/
cm/cmr5.pfb></usr/share/texlive/texmf-dist/fonts/type1/public/amsfonts/cm/cmr6.
pfb></usr/share/texlive/texmf-dist/fonts/type1/public/amsfonts/cm/cmr7.pfb></us
r/share/texlive/texmf-dist/fonts/type1/public/amsfonts/cm/cmr8.pfb></usr/share/
texlive/texmf-dist/fonts/type1/public/amsfonts/cm/cmr9.pfb></usr/share/texlive/
texmf-dist/fonts/type1/public/amsfonts/cm/cmsy10.pfb></usr/share/texlive/texmf-
dist/fonts/type1/public/amsfonts/cm/cmsy7.pfb></usr/share/texlive/texmf-dist/fo
nts/type1/public/amsfonts/cm/cmsy8.pfb></usr/share/texlive/texmf-dist/fonts/typ
e1/public/amsfonts/symbols/msam7.pfb></usr/share/texlive/texmf-dist/fonts/type1
/urw/times/utmb8a.pfb></usr/share/texlive/texmf-dist/fonts/type1/urw/times/utmb
i8a.pfb></usr/share/texlive/texmf-dist/fonts/type1/urw/times/utmr8a.pfb></usr/s
hare/texlive/texmf-dist/fonts/type1/urw/times/utmri8a.pfb>
Output written on main.pdf (4 pages, 963816 bytes).
PDF statistics:
 272 PDF objects out of 1000 (max. 8388607)
 171 compressed objects within 2 object streams
 0 named destinations out of 1000 (max. 500000)
 76 words of extra memory for PDF output out of 10000 (max. 10000000)

